00 071 PS
01 100 0
02 103 3
03 106 6
04 055 STO
05 109 9
06 101 1
07 055 STO
08 102 2
09 056 RCL
10 102 2
11 090 R/S
12 013 /
13 056 RCL
14 108 8
15 064 X<>Y
16 043 10^X
17 010 +
18 109 9
19 063 EXP
20 109 9
21 055 STO
22 104 4
23 011 -
24 050 M+
25 104 4
26 056 RCL
27 104 4
28 010 +
29 109 9
30 063 EXP
31 109 9
32 011 -
33 062 +/-
34 096 SKP
35 051 M-
36 101 1
37 050 M+
38 109 9
39 056 RCL
40 102 2
41 012 *
42 062 +/-
43 011 -
44 104 4
45 064 X<>Y
46 096 SKP
47 051 M-
48 109 9
49 051 M-
50 109 9
51 101 1
52 050 M+
53 102 2
54 056 RCL
55 102 2
56 080 =
57 096 SKP
58 093 GOTO
59 100 0
60 109 9
61 043 10^X
62 012 *
63 056 RCL
64 109 9
65 080 =
66 071 PS
67 101 1
68 090 R/S
69 093 GOTO
70 100 0
71 100 0
