# Mastermind 19 — detailliert kommentiertes Santron-626-Listing
#
# Zweck und Vorbereitung
# ----------------------
# Spiel mit vier verschiedenen Guess-Ziffern und vier verschiedenen Ziffern
# im Geheimcode; beide liegen im Bereich 1..6.
#
# Vor dem Spiel wird nur der Geheimcode in M8 gesetzt. Beispiel fuer 6413:
#   1*10^6 + 2*10^4 + 3*10^1 + 4*10^3 = 1024030
# Daher: 1024030 STO 8
# M0 und M2 muessen nicht von Hand gesetzt werden: 1 STO 2 STO 0 speichert
# dieselbe 1 bei jedem Rundenstart nacheinander in beide Register.
#
# Am Ergebnis-Halt enthaelt M1 die Anzahl Schwarz und M9 die Anzahl Weiss.
# M8 bleibt der Code. M4 ist Arbeitsspeicher und wird bei jedem Guess
# veraendert; M7 wird nicht verwendet.
#
# Die Bedienung: Programm starten, an jedem Eingabehalt eine Ziffer 1..6
# eingeben und R/S druecken. Nach dem vierten Guess haelt das Programm fuer
# das Ergebnis. R/S startet die naechste Runde mit frischen Zaehlern.
#
# Rechnerkonventionen, die fuer die Kommentare wichtig sind
# ---------------------------------------------------------
# X ist der angezeigte Wert; Y haelt bei einer offenen Grundoperation den
# linken Operanden. Zum Beispiel: nach "p -" ist Y=p, die Subtraktion offen
# und X der spaeter eingegebene rechte Operand. X<>Y tauscht nur X und Y;
# eine offene Grundoperation bleibt offen.
#
# RCL, STO und M+/M- fuehren Speicherbefehle aus, ohne eine offene +,-,*,/
# Rechnung abzuschliessen. Bei SKP ueberspringt ein negatives X die naechste
# Programmtaste. Wird RCL uebersprungen, bleibt dessen Registerziffer als
# naechste Programmtaste stehen; hier ist das eine 0, die X auf null setzt.
#
# Der Rechner haelt Rechenergebnisse intern auf zehn signifikante Stellen.
# Das kann bei passend gewaehlten grossen Summanden Dezimalstellen
# abschneiden. PS steuert das Anzeigeformat und aendert diesen internen Wert
# nicht. EXP beginnt die Eingabe einer wissenschaftlichen Zehnerpotenz:
# 9 EXP 9 gibt 9*10^9 ein.
#
# -- Rundenstart und Zaehlregister ------------------------------------------
# 00-02: C/CE setzt X auf null; STO 1 initialisiert den Schwarzzaehler M1=0.
00 060 C/CE
01 055 STO
02 101 1
# 03-05: 4 STO 9 setzt den Weiss-Vorrat M9=4.
03 104 4
04 055 STO
05 109 9
# 06-10: Die Folge 1 STO 2 STO 0 speichert dieselbe 1 zuerst in M2,
#        danach in M0. M2 ist der Positionszaehler; M0 ist die Maske fuer
#        bedingte Zaehlerupdates hinter SKP. Der zweite STO verwendet weiter
#        den unveraenderten X-Wert 1 und spart die erneute Eingabe der 1.
06 101 1
07 055 STO
08 102 2
09 055 STO
10 100 0
#
# -- Guess eingeben, Geheimcodeposition suchen und direkt bewerten ----------
# 11: Eingabehalt. Der Benutzer tippt nun eine Guess-Ziffer d und drueckt R/S.
11 090 R/S
#
# 12-17: 10^d waehlt in M8 die Stelle, an der die Position von d gespeichert
#        ist. Fuer Code 6413 gilt M8=1024030; bei d=4 ist der Inhalt der
#        Stelle 10^4 gleich 2.
#
# 12 / startet die Division mit Y=d als linkem Operanden.
12 013 /
# 13-14 RCL 8 holt M8 nach X. Jetzt gilt X=M8, Y=d und / ist offen.
13 056 RCL
14 108 8
# 15 X<>Y vertauscht X und Y: X=d, Y=M8; die offene Division bleibt bestehen.
#    Der Tausch ist wichtig, weil die naechste Taste 10^X X potenziert.
#    Ohne ihn waere der Exponent M8 statt d.
15 064 X<>Y
# 16 bildet 10^d in X; Y=M8 bleibt als linker Divisionsoperand erhalten.
16 043 10^X
# 17 + schliesst die vorher offene Division ab: q=M8/10^d.
#    Zugleich beginnt + fuer den folgenden Hilfswert B=9*10^9.
17 010 +
#
# 18-24: Dezimalstellen-Trick fuer die Extraktion. Sei q=M8/10^d und
#        f=floor(q). Bei gueltigen Codes ist 0<=q<432101.
#        Die Zehn-Stellen-Genauigkeit wird verwendet, um erst q abzuschneiden
#        und anschliessend die Einerstelle des ganzzahligen f abzutrennen.
#
# 18-20: 9 EXP 9 gibt B=9000000000 ein. STO 4 speichert B in M4. Die offene
#        Addition q+B bleibt dabei erhalten.
18 109 9
19 063 EXP
20 109 9
21 055 STO
22 104 4
# 23 - schliesst q+B ab und beginnt danach eine Subtraktion.
#    T=B+f ist zehnstellig: die Nachkommastellen von q verschwinden durch die
#    interne zehnstellige Genauigkeit. X=T, Y=T und die Subtraktion ist offen.
23 011 -
# 24 M+ 4 addiert T zum vorher in M4 gespeicherten B. Das Ergebnis wird intern
#    auf zehn signifikante Stellen abgeschnitten und in M4 gespeichert:
#       S = 2*B + 10*floor(f/10)
#    X=T, Y=T und die offene Subtraktion bleiben unveraendert.
24 050 M+
25 104 4
#
# 25-32: Die Differenz T-S ist -B plus die Einerziffer von f. Die zweite
#        Addition von B holt genau diese Ziffer zurueck nach X.
#
# 25-27: RCL 4 holt S aus dem veraenderten M4.
26 056 RCL
27 104 4
# 28 + schliesst T-S ab. Fuer B+T wird nun eine elfstellig angezeigte
#    Groessenordnung auf zehn Stellen abgeschnitten; die Einerstelle von f
#    faellt weg. Ergebnis T-S = -B + (f mod 10). + bleibt offen.
28 010 +
# 29-31: B=9*10^9 wird erneut eingegeben; die Addition mit T-S bleibt offen.
29 109 9
30 063 EXP
31 109 9
# 32 - schliesst die offene Addition B+(T-S) ab. X ist jetzt
#       f - 10*floor(f/10),
#    also die Ziffer an Stelle 10^d in M8. Diese Taste beginnt zugleich die
#    Subtraktion fuer den Weiss/Missing-Test; p=X bleibt als Y erhalten.
32 011 -
# Beispiel M8=1024030 und d=4:
#   q=102.403, f=102, T=9000000102, S=18000000100,
#   T-S=-8999999998, B+(T-S)=2. Ergebnis p=2.
#
# -- Fehlende Guess-Ziffer erkennen -----------------------------------------
# 33 +/- macht aus p den Wert -p. Die offene Subtraktion p-X bleibt erhalten.
33 062 +/-
# 34 SKP: falls p>0, ueberspringt es RCL 0. Die nachfolgende 0 setzt X auf 0.
#    Falls p=0, wird RCL 0 ausgefuehrt und X=M0=1; die zugehoerige Register-
#    ziffer 0 wird als Parameter des Speicherbefehls konsumiert.
34 096 SKP
35 056 RCL
36 100 0
# 37-38: M- 9 zieht X von M9 ab. Somit wird 1 abgezogen, wenn p=0, sonst 0.
#        M9 startet bei 4 und wird spaeter auch fuer Schwarz vermindert.
37 051 M-
38 109 9
#
# -- Schwarz erkennen und Zaehler aktualisieren -----------------------------
# 39-44: Berechnung von -(p-n)^2. Der Wert ist 0 genau dann, wenn p=n,
#        andernfalls negativ. M2 enthaelt die aktuelle Guess-Position n.
#
# 39-40: RCL 2 holt n. Die noch offene Subtraktion p-X wird dadurch zu p-n.
39 056 RCL
40 102 2
# 41 * schliesst p-n ab und beginnt die Multiplikation (p-n)*(...).
41 012 *
# 42 macht aus X=p-n den Wert -(p-n).
42 062 +/-
# 43 - schliesst die Multiplikation ab:
#       (p-n)*(-(p-n)) = -(p-n)^2
#    Zugleich beginnt eine neue Subtraktion mit diesem Null/Negativ-Testwert.
43 011 -
# 44 gibt 4 ein; X=4, Y=-(p-n)^2, die Subtraktion bleibt offen.
44 104 4
# 45 X<>Y tauscht: X=-(p-n)^2 fuer SKP, Y=4 als linker Operand fuer den
#    Schleifentest. Der offene Subtraktionszustand bleibt erhalten.
45 064 X<>Y
# 46 SKP ueberspringt bei einem nichtschwarzen Guess (negativer Testwert) RCL.
#    Dann setzt die folgende Taste 0 die Zaehler-Maske X=0. Bei p=n ist der
#    Testwert null, SKP ueberspringt nicht: RCL 0 und die Registerziffer 0
#    laden die Maske X=1.
46 096 SKP
47 056 RCL
48 100 0
# 49-50: M9 wird bei Schwarz um 1 vermindert, bei Nicht-Schwarz um 0.
49 051 M-
50 109 9
# 51-52: Dieselbe Maske wird zu M1 addiert. M1 zaehlt schwarze Treffer.
51 050 M+
52 101 1
# 53-55: Guess-Positionszaehler M2 wird um 1 erhoeht.
53 101 1
54 050 M+
55 102 2
#
# -- Schleife beenden oder naechste Guess-Ziffer lesen ----------------------
# Nach dem Inkrement ist M2 gleich 2, 3, 4 oder 5. Y=4 aus Schritt 45 bleibt
# erhalten; die offene Subtraktion wird hier mit RCL 2 und = abgeschlossen.
56 056 RCL
57 102 2
# 58 ergibt X=4-M2: nach Guess 1..3 positiv, nach Guess 4 gleich -1.
58 080 =
# 59-62: Fuer die ersten drei Stellen ist X nicht negativ und GOTO 11 laeuft.
#        Nach der vierten Stelle ist X=-1; SKP ueberspringt das ganze GOTO 11.
59 096 SKP
60 093 GOTO
61 101 1
62 101 1
#
# -- Ergebnis-Halt und Neustart ---------------------------------------------
# 63 haelt nach der vierten Guess-Ziffer. M1=schwarz, M9=weiss.
63 090 R/S
# 64-66: Nach dem Ergebnis springt R/S zum Rundenanfang. Dort werden M1, M0,
#        M9 und M2 fuer den naechsten Guess oder Geheimcode neu initialisiert.
64 093 GOTO
65 100 0
66 100 0
# 67-71 sind freie Programmzellen; sie werden nicht erreicht.
67 099
68 099
69 099
70 099
71 099
