00 060 C/CE
01 055 STO
02 101 1
03 104 4
04 055 STO
05 109 9
06 101 1
07 055 STO
08 102 2
09 055 STO
10 100 0
11 090 R/S
12 013 /
13 056 RCL
14 108 8
15 064 X<>Y
16 043 10^X
17 010 +
18 109 9
19 063 EXP
20 109 9
21 055 STO
22 104 4
23 011 -
24 050 M+
25 104 4
26 056 RCL
27 104 4
28 010 +
29 109 9
30 063 EXP
31 109 9
32 011 -
33 062 +/-
34 096 SKP
35 056 RCL
36 100 0
37 051 M-
38 109 9
39 056 RCL
40 102 2
41 012 *
42 062 +/-
43 011 -
44 104 4
45 064 X<>Y
46 096 SKP
47 056 RCL
48 100 0
49 051 M-
50 109 9
51 050 M+
52 101 1
53 101 1
54 050 M+
55 102 2
56 056 RCL
57 102 2
58 080 =
59 096 SKP
60 093 GOTO
61 101 1
62 101 1
63 090 R/S
64 093 GOTO
65 100 0
66 100 0
67 099
68 099
69 099
70 099
71 099
