# Mastermind 20 — automatische Ergebnisanzeige
#
# Vier verschiedene Geheimziffern und vier verschiedene Guess-Ziffern aus 1..8.
# Die Schleife laeuft weiterhin viermal: einmal pro Guess-Position.
# Vor jeder Eingabe zeigt das Display die Position 1, 2, 3 oder 4 an.
# Diese Positionsanzeige hat auch in Folgerunden keine Nachkommastelle.
# Nach der vierten Ziffer und R/S erscheint Schwarz.Weiss direkt im Display:
# 2.1 bedeutet zwei schwarze und einen weissen Treffer; 4.0 bedeutet geloest.
# Eine feste Nachkommastelle macht auch 0.0 und 4.0 eindeutig sichtbar.
#
# Vorbereitung: Nur den codierten Geheimcode in M8 speichern.
# Fuer jede Geheimziffer d an Position p wird p*10^d addiert.
# Beispiel 6413: 1*10^6 + 2*10^4 + 3*10^1 + 4*10^3 = 1024030.
# Daher: 1024030 STO 8. M8 wird vom Programm nicht veraendert.
# Beispiel mit 7 und 8: Code 8765 wird als 123400000 gespeichert:
# 1*10^8 + 2*10^7 + 3*10^6 + 4*10^5 = 123400000.
# Daher: 123400000 STO 8. Guess 5678 ergibt 0.4; Guess 8765 ergibt 4.0.
#
# Programm bei Zelle 00 starten. An jedem Eingabehalt eine Ziffer eingeben
# und R/S druecken. Beispiel Guess 1234: 1 R/S; 2 R/S; 3 R/S; 4 R/S.
# Fuer Geheimcode 6413 erscheint danach 0.3.
# R/S am Ergebnis-Halt startet die naechste Runde mit frischen Zaehlern.
# Fuer einen neuen Code vor diesem Neustart den codierten Wert in M8 speichern.
#
# Speicher: M2=Guess-Position, M4=Arbeitsspeicher, M8=Geheimcode.
# M9 startet bei 36 und enthaelt nach vier Ziffern 10*Schwarz+Weiss.
# M1 dient als Ziel fuer das Abziehen von 0; sein Wert bleibt erhalten.
# M0 und M7 werden nicht verwendet.
# M9 enthaelt damit eine andere Bewertung als in Mastermind 19.
# Das Programm belegt alle 72 Zellen. PS 0 und PS 1 aendern nur das Anzeigeformat.


# Rundenstart: PS 0 schaltet zur Anzeige ohne Nachkommastellen zurueck
# und beendet eine etwaige Zahleneingabe. Der Bewertungsvorrat ist 36.
00 071 PS
01 100 0
02 103 3
03 106 6
04 055 STO
05 109 9
06 101 1
07 055 STO
08 102 2

# M2 zeigt, welche Ziffer als Naechstes einzugeben ist. RCL beendet die
# Zahleneingabe, damit die getippte Guess-Ziffer den Positionswert ersetzt.
09 056 RCL
10 102 2
11 090 R/S

# Position p der Guess-Ziffer d aus M8 extrahieren.
# / und X<>Y bereiten M8/10^d vor. B=9*10^9 verwendet die interne
# Genauigkeit von zehn Stellen, um Nachkommastellen und hoehere Ziffern
# abzutrennen. M4 speichert erst B, dann die abgeschnittene Summe B+T.
# T-S+B liefert p; das folgende Minus schliesst diese Addition ab.
12 013 /
13 056 RCL
14 108 8
15 064 X<>Y
16 043 10^X
17 010 +
18 109 9
19 063 EXP
20 109 9
21 055 STO
22 104 4
23 011 -
24 050 M+
25 104 4
26 056 RCL
27 104 4
28 010 +
29 109 9
30 063 EXP
31 109 9

# Vorhandene Ziffer: X=-p. Bei p=0 fuehrt M- 1 nur das Abziehen von 0 aus;
# X bleibt 0. Bei p>0 ueberspringt SKP das M-; die Registerziffer 1 wird
# als Zahl eingegeben. M+ 9 addiert deshalb 1 bei Vorhandensein, sonst 0.
32 011 -
33 062 +/-
34 096 SKP
35 051 M-
36 101 1
37 050 M+
38 109 9

# Schwarztest: -(p-n)^2 ist bei Schwarz null, sonst negativ.
# X<>Y rettet Y=4 fuer den spaeteren Schleifentest und setzt den Test nach X.
# Bei Schwarz bleibt X=0: das erste M- 9 zieht 0 ab und verbraucht seine 9.
# Andernfalls ueberspringt SKP das erste M-: dessen Registerziffer setzt X=9.
39 056 RCL
40 102 2
41 012 *
42 062 +/-
43 011 -
44 104 4
45 064 X<>Y
46 096 SKP
47 051 M-
48 109 9

# Das zweite M- 9 zieht bei Nicht-Schwarz 9 ab, bei Schwarz weiterhin 0.
# Pro Ziffer veraendert sich M9 netto um +1 (schwarz), -8 (weiss) oder
# -9 (fehlend). Weil es genau vier Ziffern sind, gilt am Ende:
# 36 + Schwarz - 8*Weiss - 9*Fehlend = 10*Schwarz + Weiss.
# Die offene Subtraktion mit Y=4 bleibt dabei fuer den Schleifentest erhalten.
49 051 M-
50 109 9
51 101 1
52 050 M+
53 102 2
54 056 RCL
55 102 2
56 080 =
57 096 SKP
58 093 GOTO
59 100 0
60 109 9

# Nach Ziffer 4 ist X=4-M2=-1. 10^X liefert deshalb direkt den Faktor 0.1.
# Multiplikation mit M9 macht aus 10*Schwarz+Weiss die Anzeige Schwarz.Weiss.
# PS 1 erzwingt eine Nachkommastelle; M9 behaelt den ganzzahligen Wert.
61 043 10^X
62 012 *
63 056 RCL
64 109 9
65 080 =
66 071 PS
67 101 1
68 090 R/S
69 093 GOTO
70 100 0
71 100 0

# Alle 72 Programmzellen sind belegt.
