# Mastermind 18
# Mastermind fuer vier verschiedene Ziffern von 1 bis 6.
# Schwarz bedeutet: richtige Ziffer an richtiger Stelle.
# Weiss bedeutet: richtige Ziffer an falscher Stelle.
#
# Vorbereitung:
# - M0 muss nach dem Laden des Programms einmalig auf 1 gesetzt werden:
#   1 STO 0
#   Danach bleibt M0 unveraendert; nicht pro Guess und nicht pro Code neu
#   setzen.
# - Der geheime Code wird codiert in M8 versteckt.
#
# Codierung des geheimen Codes:
# Fuer jede Ziffer wird ihre Position als Stelle 10^Ziffer gespeichert.
# Beispiel 1: Code 6413
# - 6 steht an Position 1: 1 * 10^6 = 1000000
# - 4 steht an Position 2: 2 * 10^4 =   20000
# - 1 steht an Position 3: 3 * 10^1 =      30
# - 3 steht an Position 4: 4 * 10^3 =    4000
# - Summe:                            1024030
# Zum Verstecken druecken: 1024030 STO 8
#
# Beispiel 2: Code 2561
# - 2 steht an Position 1: 1 * 10^2 =     100
# - 5 steht an Position 2: 2 * 10^5 =  200000
# - 6 steht an Position 3: 3 * 10^6 = 3000000
# - 1 steht an Position 4: 4 * 10^1 =      40
# - Summe:                            3200140
# Zum Verstecken des zweiten Codes M8 einfach ueberschreiben:
# 3200140 STO 8
# M0 bleibt 1.
#
# Spielablauf mit Code 6413 und Guess 1234:
# 1 STO 0
# 1024030 STO 8
# Programm bei Schritt 00 starten.
# Das Programm haelt bei der ersten Guess-Ziffer an.
# 1 R/S
# 2 R/S
# 3 R/S
# 4 R/S
# Danach haelt das Programm mit dem Ergebnis an.
# RCL 1 zeigt die schwarzen Treffer: 0
# RCL 9 zeigt die weissen Treffer: 3
#
# Naechster Guess:
# R/S druecken, dann die vier Guess-Ziffern wieder jeweils mit R/S eingeben.
# M1 wird dabei automatisch auf 0 gesetzt, M9 automatisch auf 4 und M2 auf 1.
# Anders als bei Mastermind 16 und 17 muessen diese Speicher nach einem Guess
# nicht mehr von Hand zurueckgesetzt werden.
#
# Neues Spiel mit dem zweiten Code:
# Wenn das Programm nach einem Ergebnis angehalten hat, 3200140 STO 8 druecken,
# dann R/S. Das Programm springt zu Schritt 00, setzt M1/M2/M9 zurueck und
# haelt bei der ersten Guess-Ziffer fuer den neuen Code an.

00 060 C/CE
01 055 STO
02 101 1
03 104 4
04 055 STO
05 109 9
06 101 1
07 055 STO
08 102 2
09 090 R/S
10 055 STO
11 104 4
12 013 /
13 056 RCL
14 108 8
15 064 X<>Y
16 043 10^X
17 010 +
18 109 9
19 063 EXP
20 109 9
21 055 STO
22 104 4
23 010 +
24 055 STO
25 107 7
26 056 RCL
27 104 4
28 011 -
29 056 RCL
30 104 4
31 080 =
32 051 M-
33 107 7
34 056 RCL
35 107 7
36 011 -
37 062 +/-
38 096 SKP
39 056 RCL
40 100 0
41 051 M-
42 109 9
43 056 RCL
44 102 2
45 012 *
46 062 +/-
47 011 -
48 104 4
49 064 X<>Y
50 096 SKP
51 056 RCL
52 100 0
53 051 M-
54 109 9
55 050 M+
56 101 1
57 101 1
58 050 M+
59 102 2
60 056 RCL
61 102 2
62 080 =
63 096 SKP
64 093 GOTO
65 100 0
66 109 9
67 090 R/S
68 093 GOTO
69 100 0
70 100 0
71 099
